#-----------------------------------------------------------
# Webtalk v2021.1 (64-bit)
# SW Build 3247384 on Thu Jun 10 19:36:07 MDT 2021
# IP Build 3246043 on Fri Jun 11 00:30:35 MDT 2021
# Start of session at: Fri Dec 10 16:57:36 2021
# Process ID: 24995
# Current directory: /home/pablo/Documentos/02_Maestria_en_Sistemas_Embebidos/21_Sistemas_Digitales_para_las_Comunicaciones/workspace/MSE-SDC-Ejercicio11-Arty_A-35/MSE-SDC-Ejercicio11-Arty_A-35.sim/sim_1/behav/xsim
# Command line: wbtcv -mode batch -source /home/pablo/Documentos/02_Maestria_en_Sistemas_Embebidos/21_Sistemas_Digitales_para_las_Comunicaciones/workspace/MSE-SDC-Ejercicio11-Arty_A-35/MSE-SDC-Ejercicio11-Arty_A-35.sim/sim_1/behav/xsim/xsim.dir/tb_hw_top_edu_bbt_behav/webtalk/xsim_webtalk.tcl -notrace
# Log file: /home/pablo/Documentos/02_Maestria_en_Sistemas_Embebidos/21_Sistemas_Digitales_para_las_Comunicaciones/workspace/MSE-SDC-Ejercicio11-Arty_A-35/MSE-SDC-Ejercicio11-Arty_A-35.sim/sim_1/behav/xsim/webtalk.log
# Journal file: /home/pablo/Documentos/02_Maestria_en_Sistemas_Embebidos/21_Sistemas_Digitales_para_las_Comunicaciones/workspace/MSE-SDC-Ejercicio11-Arty_A-35/MSE-SDC-Ejercicio11-Arty_A-35.sim/sim_1/behav/xsim/webtalk.jou
#-----------------------------------------------------------
source /home/pablo/Documentos/02_Maestria_en_Sistemas_Embebidos/21_Sistemas_Digitales_para_las_Comunicaciones/workspace/MSE-SDC-Ejercicio11-Arty_A-35/MSE-SDC-Ejercicio11-Arty_A-35.sim/sim_1/behav/xsim/xsim.dir/tb_hw_top_edu_bbt_behav/webtalk/xsim_webtalk.tcl -notrace
