11:51:21 **** Build of configuration Debug for project micro_ver1 ****
make all 
Building file: ../src/helloworld.c
Invoking: MicroBlaze gcc compiler
mb-gcc -Wall -O0 -g3 -c -fmessage-length=0 -MT"src/helloworld.o" -I/home/pablo/Documentos/02_Maestria_en_Sistemas_Embebidos/21_Sistemas_Digitales_para_las_Comunicaciones/workspace2/micro/system_wrapper/export/system_wrapper/sw/system_wrapper/standalone_microblaze_0/bspinclude/include -mlittle-endian -mcpu=v11.0 -mxl-soft-mul -Wl,--no-relax -ffunction-sections -fdata-sections -MMD -MP -MF"src/helloworld.d" -MT"src/helloworld.o" -o "src/helloworld.o" "../src/helloworld.c"
Finished building: ../src/helloworld.c
 
Building file: ../src/platform.c
Invoking: MicroBlaze gcc compiler
mb-gcc -Wall -O0 -g3 -c -fmessage-length=0 -MT"src/platform.o" -I/home/pablo/Documentos/02_Maestria_en_Sistemas_Embebidos/21_Sistemas_Digitales_para_las_Comunicaciones/workspace2/micro/system_wrapper/export/system_wrapper/sw/system_wrapper/standalone_microblaze_0/bspinclude/include -mlittle-endian -mcpu=v11.0 -mxl-soft-mul -Wl,--no-relax -ffunction-sections -fdata-sections -MMD -MP -MF"src/platform.d" -MT"src/platform.o" -o "src/platform.o" "../src/platform.c"
Finished building: ../src/platform.c
 
Building target: micro_ver1.elf
Invoking: MicroBlaze gcc linker
mb-gcc -Wl,-T -Wl,../src/lscript.ld -L/home/pablo/Documentos/02_Maestria_en_Sistemas_Embebidos/21_Sistemas_Digitales_para_las_Comunicaciones/workspace2/micro/system_wrapper/export/system_wrapper/sw/system_wrapper/standalone_microblaze_0/bsplib/lib -mlittle-endian -mcpu=v11.0 -mxl-soft-mul -Wl,--no-relax -Wl,--gc-sections -o "micro_ver1.elf"  ./src/helloworld.o ./src/platform.o   -Wl,--start-group,-lxil,-lgcc,-lc,--end-group
Finished building target: micro_ver1.elf
 
Invoking: MicroBlaze Print Size
mb-size micro_ver1.elf  |tee "micro_ver1.elf.size"
   text	   data	    bss	    dec	    hex	filename
   6980	    292	   3120	  10392	   2898	micro_ver1.elf
Finished building: micro_ver1.elf.size
 

11:51:22 Build Finished (took 418ms)

