#-----------------------------------------------------------
# Vivado v2021.1 (64-bit)
# SW Build 3247384 on Thu Jun 10 19:36:07 MDT 2021
# IP Build 3246043 on Fri Jun 11 00:30:35 MDT 2021
# Start of session at: Fri Dec 10 19:36:04 2021
# Process ID: 4751
# Current directory: /home/pablo/Documentos/02_Maestria_en_Sistemas_Embebidos/21_Sistemas_Digitales_para_las_Comunicaciones/workspace/MSE-SDC-Ejercicio11-Arty_A-35/MSE-SDC-Ejercicio11-Arty_A-35.runs/clk_wiz_0_synth_1
# Command line: vivado -log clk_wiz_0.vds -product Vivado -mode batch -messageDb vivado.pb -notrace -source clk_wiz_0.tcl
# Log file: /home/pablo/Documentos/02_Maestria_en_Sistemas_Embebidos/21_Sistemas_Digitales_para_las_Comunicaciones/workspace/MSE-SDC-Ejercicio11-Arty_A-35/MSE-SDC-Ejercicio11-Arty_A-35.runs/clk_wiz_0_synth_1/clk_wiz_0.vds
# Journal file: /home/pablo/Documentos/02_Maestria_en_Sistemas_Embebidos/21_Sistemas_Digitales_para_las_Comunicaciones/workspace/MSE-SDC-Ejercicio11-Arty_A-35/MSE-SDC-Ejercicio11-Arty_A-35.runs/clk_wiz_0_synth_1/vivado.jou
#-----------------------------------------------------------
source clk_wiz_0.tcl -notrace
