#-----------------------------------------------------------
# Vivado v2021.1 (64-bit)
# SW Build 3247384 on Thu Jun 10 19:36:07 MDT 2021
# IP Build 3246043 on Fri Jun 11 00:30:35 MDT 2021
# Start of session at: Fri Dec 17 18:02:03 2021
# Process ID: 24191
# Current directory: /home/pablo/Documentos/02_Maestria_en_Sistemas_Embebidos/21_Sistemas_Digitales_para_las_Comunicaciones/workspace2/micro/micro.runs/system_axi_uartlite_0_0_synth_1
# Command line: vivado -log system_axi_uartlite_0_0.vds -product Vivado -mode batch -messageDb vivado.pb -notrace -source system_axi_uartlite_0_0.tcl
# Log file: /home/pablo/Documentos/02_Maestria_en_Sistemas_Embebidos/21_Sistemas_Digitales_para_las_Comunicaciones/workspace2/micro/micro.runs/system_axi_uartlite_0_0_synth_1/system_axi_uartlite_0_0.vds
# Journal file: /home/pablo/Documentos/02_Maestria_en_Sistemas_Embebidos/21_Sistemas_Digitales_para_las_Comunicaciones/workspace2/micro/micro.runs/system_axi_uartlite_0_0_synth_1/vivado.jou
#-----------------------------------------------------------
source system_axi_uartlite_0_0.tcl -notrace
