#-----------------------------------------------------------
# Vivado v2021.1 (64-bit)
# SW Build 3247384 on Thu Jun 10 19:36:07 MDT 2021
# IP Build 3246043 on Fri Jun 11 00:30:35 MDT 2021
# Start of session at: Sun Dec 12 18:32:12 2021
# Process ID: 552
# Current directory: /home/pablo/Documentos/02_Maestria_en_Sistemas_Embebidos/21_Sistemas_Digitales_para_las_Comunicaciones/workspace/MSE-SDC-Ejercicio11-Arty_A-35/MSE-SDC-Ejercicio11-Arty_A-35.runs/ila_0_synth_1
# Command line: vivado -log ila_0.vds -product Vivado -mode batch -messageDb vivado.pb -notrace -source ila_0.tcl
# Log file: /home/pablo/Documentos/02_Maestria_en_Sistemas_Embebidos/21_Sistemas_Digitales_para_las_Comunicaciones/workspace/MSE-SDC-Ejercicio11-Arty_A-35/MSE-SDC-Ejercicio11-Arty_A-35.runs/ila_0_synth_1/ila_0.vds
# Journal file: /home/pablo/Documentos/02_Maestria_en_Sistemas_Embebidos/21_Sistemas_Digitales_para_las_Comunicaciones/workspace/MSE-SDC-Ejercicio11-Arty_A-35/MSE-SDC-Ejercicio11-Arty_A-35.runs/ila_0_synth_1/vivado.jou
#-----------------------------------------------------------
source ila_0.tcl -notrace
